# serializer version: 1
# name: test_generated_structured_file_snapshots
  dict({
    'act_workflow': dict({
      'jobs': dict({
        'act-validation': dict({
          'env': dict({
            'ACT_VERSION': 'v0.2.80',
            'CARGO_TERM_COLOR': 'always',
          }),
          'permissions': dict({
            'contents': 'read',
          }),
          'runs-on': 'ubuntu-latest',
          'steps': list([
            dict({
              'uses': 'actions/checkout@900f2210b1d28bbbd0bd22d17926b9e224e8f231',
              'with': dict({
                'persist-credentials': False,
              }),
            }),
            dict({
              'name': 'Setup Rust',
              'uses': 'leynos/shared-actions/.github/actions/setup-rust@18bed1ca49a6de3d8882bd72635a32ae3f023d57',
            }),
            dict({
              'name': 'Install act',
              'run': '''
                curl -fsSL "https://github.com/nektos/act/releases/download/${ACT_VERSION}/act_Linux_x86_64.tar.gz" |
                  sudo tar -xz -C /usr/local/bin act
  
              ''',
            }),
            dict({
              'name': 'Check Docker runtime',
              'run': 'docker info',
            }),
            dict({
              'name': 'Run tests with act validation',
              'run': 'make test WITH_ACT=1',
            }),
          ]),
        }),
      }),
      'name': 'Act Validation',
      'on': dict({
        'pull_request': dict({
          'types': list([
            'opened',
            'synchronize',
            'reopened',
          ]),
        }),
        'workflow_dispatch': None,
      }),
    }),
    'cargo_config': '''
      [unstable]
      codegen-backend = true
      
      [profile.dev]
      codegen-backend = "cranelift"
      
      [target.x86_64-unknown-linux-gnu]
      linker = "clang"
      rustflags = ["-C", "link-arg=-fuse-ld=mold"]
  
    ''',
    'ci_workflow': dict({
      'jobs': dict({
        'build-test': dict({
          'env': dict({
            'BUILD_PROFILE': 'debug',
            'CARGO_TERM_COLOR': 'always',
            'WHITAKER_INSTALLER_VERSION': '0.2.6',
          }),
          'permissions': dict({
            'contents': 'read',
          }),
          'runs-on': 'ubuntu-latest',
          'steps': list([
            dict({
              'uses': 'actions/checkout@900f2210b1d28bbbd0bd22d17926b9e224e8f231',
              'with': dict({
                'fetch-depth': 0,
                'persist-credentials': False,
              }),
            }),
            dict({
              'name': 'Setup Rust',
              'uses': 'leynos/shared-actions/.github/actions/setup-rust@18bed1ca49a6de3d8882bd72635a32ae3f023d57',
            }),
            dict({
              'if': "runner.os == 'Linux'",
              'name': 'Install mold linker',
              'run': '''
                set -euo pipefail
                export DEBIAN_FRONTEND=noninteractive
                # mold accelerates dev builds; coverage uses lld for llvm-tools compatibility.
                sudo apt-get update \
                  && sudo apt-get install --yes --no-install-recommends clang lld mold
  
              ''',
            }),
            dict({
              'name': 'Format',
              'run': 'make check-fmt',
            }),
            dict({
              'name': 'Markdown lint',
              'uses': 'DavidAnson/markdownlint-cli2-action@2df9e28eb87988518ef3880c34edad45d65b1668',
              'with': dict({
                'globs': '''
                  **/*.md
                  !**/target/**
                  !**/dist/**
  
                ''',
              }),
            }),
            dict({
              'name': 'Setup uv',
              'uses': 'astral-sh/setup-uv@12d13f90bc3a5a1971bebad4beb09a4dfa962e91',
            }),
            dict({
              'name': 'Check spelling',
              'run': 'make spelling',
            }),
            dict({
              'env': dict({
                'RUSTFLAGS': '',
              }),
              'name': 'Install test runner',
              'run': 'cargo binstall --no-confirm --locked cargo-nextest',
            }),
            dict({
              'env': dict({
                'RUSTFLAGS': '',
              }),
              'if': "github.actor != 'dependabot[bot]'",
              'name': 'Install cargo-audit',
              'run': 'cargo binstall --no-confirm cargo-audit',
            }),
            dict({
              'if': "github.actor != 'dependabot[bot]'",
              'name': 'Setup Python for audit manifest extraction',
              'uses': 'actions/setup-python@a309ff8b426b58ec0e2a45f0f869d46889d02405',
              'with': dict({
                'python-version': '3.x',
              }),
            }),
            dict({
              'id': 'cache-whitaker',
              'name': 'Cache Whitaker installation',
              'uses': 'actions/cache@27d5ce7f107fe9357f9df03efb73ab90386fccae',
              'with': dict({
                'key': 'whitaker-v3-${{ runner.os }}-${{ env.WHITAKER_INSTALLER_VERSION }}',
                'path': '''
                  ~/.cargo/bin/whitaker-installer
                  ~/.local/bin/whitaker
                  ~/.dylint_drivers
                  ~/.local/share/whitaker
  
                ''',
              }),
            }),
            dict({
              'env': dict({
                'RUSTFLAGS': '',
                'WHITAKER_CACHE_HIT': '${{ steps.cache-whitaker.outputs.cache-hit }}',
              }),
              'name': 'Install Whitaker',
              'run': '''
                set -euo pipefail
                echo "Whitaker cache hit: ${WHITAKER_CACHE_HIT}"
                if [ "${WHITAKER_CACHE_HIT}" != "true" ]; then
                  echo "Installing whitaker-installer ${WHITAKER_INSTALLER_VERSION}"
                  cargo binstall --no-confirm --locked \
                    whitaker-installer@"${WHITAKER_INSTALLER_VERSION}"
                fi
                whitaker-installer --cranelift
                echo "Whitaker binary: $(command -v whitaker || true)"
  
              ''',
            }),
            dict({
              'if': "github.actor != 'dependabot[bot]'",
              'name': 'Audit dependencies',
              'run': 'make audit',
            }),
            dict({
              'name': 'Lint',
              'run': 'make lint',
            }),
            dict({
              'name': 'Log coverage linker configuration',
              'run': '''
                echo "Coverage linker: clang"
                echo "Coverage RUSTFLAGS: -C link-arg=-fuse-ld=lld"
                echo "Coverage CFLAGS: -fuse-ld=lld"
                echo "Coverage LDFLAGS: -fuse-ld=lld"
  
              ''',
            }),
            dict({
              'env': dict({
                'CARGO_TARGET_X86_64_UNKNOWN_LINUX_GNU_LINKER': 'clang',
                'CFLAGS': '-fuse-ld=lld',
                'LDFLAGS': '-fuse-ld=lld',
                'RUSTFLAGS': '-C link-arg=-fuse-ld=lld',
              }),
              'name': 'Test and Measure Coverage',
              'uses': 'leynos/shared-actions/.github/actions/generate-coverage@18bed1ca49a6de3d8882bd72635a32ae3f023d57',
              'with': dict({
                'format': 'lcov',
                'output-path': 'lcov.info',
                'with-ratchet': 'true',
              }),
            }),
          ]),
        }),
      }),
      'name': 'CI',
      'on': dict({
        'pull_request': dict({
          'types': list([
            'opened',
            'synchronize',
            'reopened',
          ]),
        }),
        'workflow_dispatch': None,
      }),
    }),
    'coverage_main_workflow': dict({
      'jobs': dict({
        'coverage-upload': dict({
          'env': dict({
            'BUILD_PROFILE': 'debug',
            'CARGO_TERM_COLOR': 'always',
          }),
          'permissions': dict({
            'contents': 'read',
          }),
          'runs-on': 'ubuntu-latest',
          'steps': list([
            dict({
              'uses': 'actions/checkout@900f2210b1d28bbbd0bd22d17926b9e224e8f231',
              'with': dict({
                'persist-credentials': False,
              }),
            }),
            dict({
              'name': 'Setup Rust',
              'uses': 'leynos/shared-actions/.github/actions/setup-rust@18bed1ca49a6de3d8882bd72635a32ae3f023d57',
            }),
            dict({
              'if': "runner.os == 'Linux'",
              'name': 'Install mold linker',
              'run': '''
                set -euo pipefail
                export DEBIAN_FRONTEND=noninteractive
                # mold accelerates dev builds; coverage uses lld for llvm-tools compatibility.
                sudo apt-get update \
                  && sudo apt-get install --yes --no-install-recommends clang lld mold
  
              ''',
            }),
            dict({
              'env': dict({
                'RUSTFLAGS': '',
              }),
              'name': 'Install test runner',
              'run': 'cargo binstall --no-confirm --locked cargo-nextest',
            }),
            dict({
              'name': 'Log coverage linker configuration',
              'run': '''
                echo "Coverage linker: clang"
                echo "Coverage RUSTFLAGS: -C link-arg=-fuse-ld=lld"
                echo "Coverage CFLAGS: -fuse-ld=lld"
                echo "Coverage LDFLAGS: -fuse-ld=lld"
  
              ''',
            }),
            dict({
              'env': dict({
                'CARGO_TARGET_X86_64_UNKNOWN_LINUX_GNU_LINKER': 'clang',
                'CFLAGS': '-fuse-ld=lld',
                'LDFLAGS': '-fuse-ld=lld',
                'RUSTFLAGS': '-C link-arg=-fuse-ld=lld',
              }),
              'name': 'Test and Measure Coverage',
              'uses': 'leynos/shared-actions/.github/actions/generate-coverage@18bed1ca49a6de3d8882bd72635a32ae3f023d57',
              'with': dict({
                'format': 'lcov',
                'output-path': 'lcov.info',
                'with-ratchet': 'true',
              }),
            }),
            dict({
              'env': dict({
                'CS_ACCESS_TOKEN': '${{ secrets.CS_ACCESS_TOKEN }}',
              }),
              'if': "env.CS_ACCESS_TOKEN != ''",
              'name': 'Upload coverage data to CodeScene',
              'uses': 'leynos/shared-actions/.github/actions/upload-codescene-coverage@18bed1ca49a6de3d8882bd72635a32ae3f023d57',
              'with': dict({
                'access-token': '${{ env.CS_ACCESS_TOKEN }}',
                'format': 'lcov',
                'installer-checksum': '${{ vars.CODESCENE_CLI_SHA256 }}',
              }),
            }),
          ]),
        }),
      }),
      'name': 'Coverage (main)',
      'on': dict({
        'push': dict({
          'branches': list([
            'main',
          ]),
        }),
        'workflow_dispatch': None,
      }),
    }),
    'makefile': '''
      .PHONY: help all clean test build release coverage lint fmt check-fmt markdownlint spelling nixie audit rust-audit
      
      SHELL := bash
      
      
      TARGET ?= snapshot_example
      
      USER_WHITAKER := $(HOME)/.local/bin/whitaker
      USER_BIN_PATH := $(HOME)/.cargo/bin:$(HOME)/.local/bin:$(HOME)/.bun/bin
      CARGO ?= cargo
      BUILD_JOBS ?=
      RUST_FLAGS ?=
      RUST_FLAGS := -D warnings $(RUST_FLAGS)
      RUSTDOC_FLAGS ?=
      RUSTDOC_FLAGS := -D warnings $(RUSTDOC_FLAGS)
      CARGO_FLAGS ?= --all-targets --all-features
      CLIPPY_FLAGS ?= $(CARGO_FLAGS) -- $(RUST_FLAGS)
      TEST_FLAGS ?= $(CARGO_FLAGS)
      TEST_CMD := $(if $(shell $(CARGO) nextest --version 2>/dev/null),nextest run,test)
      COVERAGE_LINKER_FLAGS ?= -fuse-ld=lld
      COVERAGE_RUST_FLAGS ?= $(RUST_FLAGS) -C link-arg=$(COVERAGE_LINKER_FLAGS)
      MDLINT ?= markdownlint-cli2
      NIXIE ?= nixie
      TYPOS_VERSION ?= 1.48.0
      TYPOS := uv tool run typos@$(TYPOS_VERSION)
      WHITAKER ?= $(or $(shell command -v whitaker 2>/dev/null),$(wildcard $(USER_WHITAKER)),whitaker)
      
      build: target/debug/$(TARGET) ## Build debug binary
      release: target/release/$(TARGET) ## Build release binary
      
      all: check-fmt lint test ## Perform a comprehensive check of code
      \t+$(MAKE) spelling
      
      clean: ## Remove build artifacts
      \t$(CARGO) clean
      \trm -f .typos-oxendict-base.json .typos-oxendict-base.toml
      
      test: ## Run tests with warnings treated as errors
      \tRUSTFLAGS="$(RUST_FLAGS)" $(CARGO) $(TEST_CMD) $(TEST_FLAGS) $(BUILD_JOBS)
      \tRUSTFLAGS="$(RUST_FLAGS)" $(CARGO) test --doc --workspace --all-features
      
      target/%/$(TARGET): ## Build binary in debug or release mode
      \t$(CARGO) build $(BUILD_JOBS) $(if $(findstring release,$(@)),--release) --bin $(TARGET)
      
      coverage: ## Generate lcov coverage with lld for llvm-tools compatibility
      \t@echo "coverage linker flags: $(COVERAGE_LINKER_FLAGS)"
      \tCARGO_TARGET_X86_64_UNKNOWN_LINUX_GNU_LINKER=clang \
      \t\tRUSTFLAGS="$(COVERAGE_RUST_FLAGS)" \
      \t\tCFLAGS="$(COVERAGE_LINKER_FLAGS)" \
      \t\tLDFLAGS="$(COVERAGE_LINKER_FLAGS)" \
      \t\t$(CARGO) llvm-cov --lcov --output-path lcov.info $(TEST_FLAGS)
      
      lint: ## Run Clippy with warnings denied
      \tRUSTDOCFLAGS="$(RUSTDOC_FLAGS)" $(CARGO) doc --no-deps
      \t$(CARGO) clippy $(CLIPPY_FLAGS)
      \t@echo "Whitaker binary: $(WHITAKER)"
      \tPATH="$(USER_BIN_PATH):$(PATH)" RUSTFLAGS="$(RUST_FLAGS)" $(WHITAKER) --all -- $(CARGO_FLAGS)
      
      typecheck: ## Type-check without building
      \tRUSTFLAGS="$(RUST_FLAGS)" $(CARGO) check $(CARGO_FLAGS)
      
      fmt: ## Format Rust and Markdown sources
      \t$(CARGO) +nightly fmt --all
      \tmdformat-all
      
      check-fmt: ## Verify formatting
      \t$(CARGO) fmt --all -- --check
      
      markdownlint: ## Lint Markdown files
      \t$(MDLINT) '**/*.md'
      \t+$(MAKE) spelling
      spelling: ## Enforce en-GB-oxendict spelling in Markdown prose
      \tuv run scripts/generate_typos_config.py
      \tfind . -type f -name '*.md' -not -path './target/*' -print0 | \
      \t\txargs -0 $(TYPOS) --config typos.toml --force-exclude
      
      nixie: ## Validate Mermaid diagrams
      \t$(NIXIE) --no-sandbox
      
      audit: rust-audit ## Audit dependencies for known vulnerabilities
      
      rust-audit: ## Audit the Rust workspace for known vulnerabilities
      \tset -eo pipefail; \
      \tmanifest_list=$$(mktemp); \
      \ttrap 'rm -f "$$manifest_list"' EXIT; \
      \tprintf "Audit metadata phase: deriving workspace manifests\n"; \
      \t$(CARGO) metadata --no-deps --format-version 1 | python3 -c 'import json, sys; metadata = json.load(sys.stdin); members = set(metadata["workspace_members"]); print(metadata["workspace_root"]); [print(package["manifest_path"]) for package in metadata["packages"] if package["id"] in members]' > "$$manifest_list"; \
      \tworkspace_root=$$(sed -n '1p' "$$manifest_list"); \
      \taudit_flags=(); \
      \tfor advisory in $$CARGO_AUDIT_IGNORES; do \
      \t\taudit_flags+=(--ignore "$$advisory"); \
      \tdone; \
      \tprintf "Auditing Rust workspace %s\n" "$$workspace_root"; \
      \tsed -n '2,$$p' "$$manifest_list" | while IFS= read -r manifest; do \
      \t\tmanifest_dir=$$(dirname "$$manifest"); \
      \t\tprintf "Workspace Rust manifest %s\n" "$$manifest_dir/Cargo.toml"; \
      \tdone; \
      \tprintf "Audit execution phase: running cargo audit\n"; \
      \tprintf "Audit failures may indicate RustSec advisories, cargo metadata errors, or documented ignores that need CARGO_AUDIT_IGNORES entries.\n"; \
      \t(cd "$$workspace_root" && $(CARGO) audit "$${audit_flags[@]}")
      
      help: ## Show available targets
      \t@grep -E '^[a-zA-Z_-]+:.*?##' $(MAKEFILE_LIST) | \
      \tawk 'BEGIN {FS=":"; printf "Available targets:\n"} {printf "  %-20s %s\n", $$1, $$2}'
  
    ''',
    'release_workflow': dict({
      'env': dict({
        'BIN_NAME': 'snapshot_example',
        'CROSS_REVISION': '88f49ff79e777bef6d3564531636ee4d3cc2f8d2',
      }),
      'jobs': dict({
        'build': dict({
          'runs-on': 'ubuntu-latest',
          'steps': list([
            dict({
              'uses': 'actions/checkout@900f2210b1d28bbbd0bd22d17926b9e224e8f231',
              'with': dict({
                'persist-credentials': False,
              }),
            }),
            dict({
              'uses': 'leynos/shared-actions/.github/actions/setup-rust@18bed1ca49a6de3d8882bd72635a32ae3f023d57',
              'with': dict({
                'toolchain': 'stable',
              }),
            }),
            dict({
              'id': 'cache-cross',
              'name': 'Cache cross binary',
              'uses': 'actions/cache@27d5ce7f107fe9357f9df03efb73ab90386fccae',
              'with': dict({
                'key': 'cross-${{ env.CROSS_REVISION }}',
                'path': '~/.cargo/bin/cross',
              }),
            }),
            dict({
              'env': dict({
                'RUSTFLAGS': '',
              }),
              'name': 'Install cross',
              'run': '''
                if [ -x "$HOME/.cargo/bin/cross" ]; then
                  exit 0
                fi
                cargo install cross --git https://github.com/cross-rs/cross --rev "${CROSS_REVISION}"
  
              ''',
            }),
            dict({
              'name': 'Cache cargo registry',
              'uses': 'actions/cache@27d5ce7f107fe9357f9df03efb73ab90386fccae',
              'with': dict({
                'key': "${{ runner.os }}-cargo-${{ matrix.target }}-${{ hashFiles('**/Cargo.lock') }}",
                'path': '''
                  ~/.cargo/registry
                  ~/.cargo/git
  
                ''',
                'restore-keys': '''
                  ${{ runner.os }}-cargo-${{ matrix.target }}-
  
                ''',
              }),
            }),
            dict({
              'env': dict({
                'RUSTFLAGS': '',
              }),
              'name': 'Build release binary',
              'run': 'cross +stable build --release --target ${{ matrix.target }}',
            }),
            dict({
              'name': 'Prepare artifact',
              'run': '''
                mkdir -p artifacts/${{ matrix.os }}-${{ matrix.arch }}
                cp target/${{ matrix.target }}/release/${{ env.BIN_NAME }}${{ matrix.ext }} \
                  artifacts/${{ matrix.os }}-${{ matrix.arch }}/${{ env.BIN_NAME }}-${{ matrix.target }}${{ matrix.ext }}
                cd artifacts/${{ matrix.os }}-${{ matrix.arch }}
                sha256sum ${{ env.BIN_NAME }}-${{ matrix.target }}${{ matrix.ext }} > \
                  ${{ env.BIN_NAME }}-${{ matrix.target }}${{ matrix.ext }}.sha256
  
              ''',
            }),
            dict({
              'name': 'Upload release artifact',
              'uses': 'actions/upload-artifact@043fb46d1a93c77aae656e7c1c64a875d1fc6a0a',
              'with': dict({
                'name': '${{ env.BIN_NAME }}-${{ matrix.os }}-${{ matrix.arch }}',
                'path': 'artifacts/${{ matrix.os }}-${{ matrix.arch }}',
              }),
            }),
          ]),
          'strategy': dict({
            'matrix': dict({
              'include': list([
                dict({
                  'arch': 'x86_64',
                  'ext': '',
                  'os': 'linux',
                  'target': 'x86_64-unknown-linux-gnu',
                }),
                dict({
                  'arch': 'aarch64',
                  'ext': '',
                  'os': 'linux',
                  'target': 'aarch64-unknown-linux-gnu',
                }),
                dict({
                  'arch': 'x86_64',
                  'ext': '.exe',
                  'os': 'windows',
                  'target': 'x86_64-pc-windows-gnu',
                }),
                dict({
                  'arch': 'x86_64',
                  'ext': '',
                  'os': 'macos',
                  'target': 'x86_64-apple-darwin',
                }),
                dict({
                  'arch': 'aarch64',
                  'ext': '',
                  'os': 'macos',
                  'target': 'aarch64-apple-darwin',
                }),
                dict({
                  'arch': 'x86_64',
                  'ext': '',
                  'os': 'freebsd',
                  'target': 'x86_64-unknown-freebsd',
                }),
              ]),
            }),
          }),
          'timeout-minutes': 60,
        }),
        'release': dict({
          'needs': 'build',
          'permissions': dict({
            'contents': 'write',
          }),
          'runs-on': 'ubuntu-latest',
          'steps': list([
            dict({
              'uses': 'actions/download-artifact@484a0b528fb4d7bd804637ccb632e47a0e638317',
              'with': dict({
                'path': 'artifacts',
              }),
            }),
            dict({
              'env': dict({
                'GITHUB_TOKEN': '${{ secrets.GITHUB_TOKEN }}',
              }),
              'uses': 'softprops/action-gh-release@403a5240f3837fa857f642062e05aad6bb3391ca',
              'with': dict({
                'files': '''
                  artifacts/*/*
  
                ''',
                'generate_release_notes': True,
              }),
            }),
          ]),
          'timeout-minutes': 30,
        }),
      }),
      'name': 'Release Binary',
      True: dict({
        'push': dict({
          'tags': list([
            'v*.*.*',
          ]),
        }),
      }),
    }),
  })
# ---
